// Jest Snapshot v1, https://goo.gl/fbAQLP

exports[`Builder build 1`] = `
"# Features

- Feat commit [\`0000000\`](https://github.com/keindev/changelog-guru/commit/0000000000000000000000000000000000000001) [\`0000000\`](https://github.com/keindev/changelog-guru/commit/0000000000000000000000000000000000000002)
- Another feat commit [\`0000000\`](https://github.com/keindev/changelog-guru/commit/0000000000000000000000000000000000000003)

# Internal changes

- **[Builder]** Test commit [\`0000000\`](https://github.com/keindev/changelog-guru/commit/0000000000000000000000000000000000000000)

# Performance Improvements

- **[Core]** Pref subject [\`0000000\`](https://github.com/keindev/changelog-guru/commit/0000000000000000000000000000000000000004) [\`0000000\`](https://github.com/keindev/changelog-guru/commit/0000000000000000000000000000000000000005)

---

# Contributors

[![@keindev](https://avatars.githubusercontent.com/u/4527292?s=40)](https://github.com/keindev)
"
`;
