// Jest Snapshot v1, https://goo.gl/fbAQLP

exports[`Writer Write sections Sections structure will correctly written 1`] = `
"# Section 1

## Section 2

-   **[Section2]** Subject2__ [\`b816518\`](https://github.com/keindev/changelog-guru/commit/b816518030dace1b91838ae0abd56fa88eba19f2)

## Others

-   **[Section1]** Subject1 [\`b816518\`](https://github.com/keindev/changelog-guru/commit/b816518030dace1b91838ae0abd56fa88eba19f1)

# Section 3

-   **[Scope1, Scope2]** Subject3 [\`b816518\`](https://github.com/keindev/changelog-guru/commit/b816518030dace1b91838ae0abd56fa88eba19f3) [\`b816518\`](https://github.com/keindev/changelog-guru/commit/b816518030dace1b91838ae0abd56fa88eba19f4)

---

# Contributors

[![@keindev](https://avatars3.githubusercontent.com/u/4527292?v=4&size=40)](https://github.com/keindev)
"
`;
